stm32f4xx_it.c:72:10:get_pin_number	4	static
stm32f4xx_it.c:77:11:get_arr	4	static
stm32f4xx_it.c:82:11:get_psc	4	static
stm32f4xx_it.c:87:14:duty_cycle_UP	4	static
stm32f4xx_it.c:96:14:duty_cycle_DOWN	4	static
stm32f4xx_it.c:105:14:frequency_UP	16	static
stm32f4xx_it.c:115:14:frequency_DOWN	16	static
stm32f4xx_it.c:133:6:NMI_Handler	4	static
stm32f4xx_it.c:148:6:HardFault_Handler	4	static
stm32f4xx_it.c:163:6:MemManage_Handler	4	static
stm32f4xx_it.c:178:6:BusFault_Handler	4	static
stm32f4xx_it.c:193:6:UsageFault_Handler	4	static
stm32f4xx_it.c:208:6:SVC_Handler	4	static
stm32f4xx_it.c:221:6:DebugMon_Handler	4	static
stm32f4xx_it.c:234:6:PendSV_Handler	4	static
stm32f4xx_it.c:247:6:SysTick_Handler	8	static
stm32f4xx_it.c:268:6:EXTI9_5_IRQHandler	8	static
stm32f4xx_it.c:300:6:EXTI15_10_IRQHandler	8	static
