stm32f4xx_it.c:69:10:get_pin_number	4	static
stm32f4xx_it.c:74:11:get_ccr	4	static
stm32f4xx_it.c:79:11:get_psc	4	static
stm32f4xx_it.c:92:6:NMI_Handler	4	static
stm32f4xx_it.c:107:6:HardFault_Handler	4	static
stm32f4xx_it.c:122:6:MemManage_Handler	4	static
stm32f4xx_it.c:137:6:BusFault_Handler	4	static
stm32f4xx_it.c:152:6:UsageFault_Handler	4	static
stm32f4xx_it.c:167:6:SVC_Handler	4	static
stm32f4xx_it.c:180:6:DebugMon_Handler	4	static
stm32f4xx_it.c:193:6:PendSV_Handler	4	static
stm32f4xx_it.c:206:6:SysTick_Handler	8	static
stm32f4xx_it.c:227:6:EXTI9_5_IRQHandler	8	static
stm32f4xx_it.c:269:6:EXTI15_10_IRQHandler	8	static
